
> @sandeepv68/react-magnifier@1.0.0 test
> vitest --run --reporter=verbose


[7m[1m[36m RUN [39m[22m[27m [36mv1.6.1[39m [90mC:/Users/sande/OneDrive/Desktop/react-magnify[39m

